Microchip MPLAB XC8 Compiler V2.10 ()

Linker command line:

-W-3 --edf=C:\Program Files (x86)\Microchip\xc8\v2.10\pic\dat\en_msgs.txt \
  -cs -h+dist/default/production\SeriI2c.X.production.sym \
  --cmf=dist/default/production\SeriI2c.X.production.cmf -z -Q16F1705 \
  -oC:\Users\oda\AppData\Local\Temp\shgg.2 --defsym=__MPLAB_BUILD=1 \
  -Mdist/default/production/SeriI2c.X.production.map -E1 -ver=XC8 \
  --acfsm=1493 -ASTACK=020F0h-023EFh -pstack=STACK -ACODE=00h-07FFhx4 \
  -ASTRCODE=00h-01FFFh -ASTRING=00h-0FFhx32 -ACONST=00h-0FFhx32 \
  -AENTRY=00h-0FFhx32 -ACOMMON=070h-07Fh -ABANK0=020h-06Fh \
  -ABANK1=0A0h-0EFh -ABANK2=0120h-016Fh -ABANK3=01A0h-01EFh \
  -ABANK4=0220h-026Fh -ABANK5=02A0h-02EFh -ABANK6=0320h-036Fh \
  -ABANK7=03A0h-03EFh -ABANK8=0420h-046Fh -ABANK9=04A0h-04EFh \
  -ABANK10=0520h-056Fh -ABANK11=05A0h-05EFh -ABANK12=0620h-064Fh \
  -ABIGRAM=02000h-023EFh \
  -ARAM=020h-06Fh,0A0h-0EFh,0120h-016Fh,01A0h-01EFh,0220h-026Fh,02A0h-02EFh,0320h-036Fh,03A0h-03EFh,0420h-046Fh,04A0h-04EFh,0520h-056Fh,05A0h-05EFh,0620h-064Fh \
  -AABS1=020h-07Fh,0A0h-0EFh,0120h-016Fh,01A0h-01EFh,0220h-026Fh,02A0h-02EFh,0320h-036Fh,03A0h-03EFh,0420h-046Fh,04A0h-04EFh,0520h-056Fh,05A0h-05EFh,0620h-064Fh \
  -ASFR0=00h-01Fh -ASFR1=080h-09Fh -ASFR2=0100h-011Fh -ASFR3=0180h-019Fh \
  -ASFR4=0200h-021Fh -ASFR5=0280h-029Fh -ASFR6=0300h-031Fh \
  -ASFR7=0380h-039Fh -ASFR8=0400h-041Fh -ASFR9=0480h-049Fh \
  -ASFR10=0500h-051Fh -ASFR11=0580h-059Fh -ASFR12=0600h-061Fh \
  -ASFR13=0680h-06EFh -ASFR14=0700h-076Fh -ASFR15=0780h-07EFh \
  -ASFR16=0800h-086Fh -ASFR17=0880h-08EFh -ASFR18=0900h-096Fh \
  -ASFR19=0980h-09EFh -ASFR20=0A00h-0A6Fh -ASFR21=0A80h-0AEFh \
  -ASFR22=0B00h-0B6Fh -ASFR23=0B80h-0BEFh -ASFR24=0C00h-0C6Fh \
  -ASFR25=0C80h-0CEFh -ASFR26=0D00h-0D6Fh -ASFR27=0D80h-0DEFh \
  -ASFR28=0E00h-0E6Fh -ASFR29=0E80h-0EEFh -ASFR30=0F00h-0F6Fh \
  -ASFR31=0F80h-0FEFh -preset_vec=00h,intentry=04h,init,end_init \
  -ppowerup=CODE -pcinit=CODE -pfunctab=ENTRY -ACONFIG=08007h-08008h \
  -pconfig=CONFIG -DCONFIG=2 -AIDLOC=08000h-08003h -pidloc=IDLOC -DIDLOC=2 \
  -DCODE=2 -DSTRCODE=2 -DSTRING=2 -DCONST=2 -DENTRY=2 -k \
  C:\Users\oda\AppData\Local\Temp\shgg.o \
  dist/default/production\SeriI2c.X.production.o 

Object code version is 3.11

Machine type is 16F1705



                Name                               Link     Load   Length Selector   Space Scale
C:\Users\oda\AppData\Local\Temp\shgg.o
                end_init                             70       70        2        8       0
                reset_vec                             0        0        2        0       0
                config                             8007     8007        2    1000E       0
dist/default/production\SeriI2c.X.production.o
                cinit                                72       72       3A        8       0
                intentry                              4        4       6C        8       0
                text36                              E90      E90       22     1D20       0
                text35                              DF3      DF3       17     1BE6       0
                text34                              704      704       41      E08       0
                text32                              F6A      F6A       2D     1ED4       0
                text31                              E54      E54       1E     1CA8       0
                text30                              DB4      DB4       13     1B68       0
                text29                              5EA      5EA       4A        8       0
                text28                              7F6      7F6        9      E08       0
                text27                              D8E      D8E        B     1B1C       0
                text26                              EB2      EB2       22     1D64       0
                text25                              FCB      FCB       35     1F96       0
                text24                              E72      E72       1E     1CE4       0
                text23                              55E      55E       8C        8       0
                text22                              ED4      ED4       23     1DA8       0
                text21                              EF7      EF7       23     1DEE       0
                text20                              E0A      E0A       18     1C14       0
                text19                              67D      67D       46        8       0
                text18                              F1A      F1A       26     1E34       0
                text17                              F40      F40       2A     1E80       0
                text16                              745      745       40      E08       0
                text15                              785      785       39      E08       0
                text14                              DC7      DC7       16     1B8E       0
                text13                              634      634       49        8       0
                text12                              7BE      7BE       38      E08       0
                text11                              DDD      DDD       16     1BBA       0
                text10                              E22      E22       19     1C44       0
                text9                               E3B      E3B       19     1C76       0
                text8                               180      180       BE        8       0
                text7                               F97      F97       34     1F2E       0
                text6                               2F0      2F0       AE        8       0
                text5                               39E      39E       9B        8       0
                text4                               23E      23E       B2        8       0
                text3                                AC       AC       D4        8       0
                text2                               4D0      4D0       8E        8       0
                text1                               DA4      DA4       10     1B48       0
                maintext                            439      439       97        8       0
                cstackBANK0                          20       20       3C       20       1
                cstackCOMMON                         76       76        6       70       1
                clrtext                             D7A      D7A        6     1AF4       0
                inittext                            D80      D80        6     1B00       0
                bssBANK2                            120      120       50      120       1
                dataBANK1                            E0       E0        8       A0       1
                bssBANK1                             A0       A0       40       A0       1
                dataBANK0                            5C       5C        B       20       1
                bssBANK0                             67       67        7       20       1
                bssCOMMON                            70       70        6       70       1
                stringtext8                        1038     1038        2     2000       0
                stringtext7                        1034     1034        4     2000       0
                stringtext6                        1030     1030        4     2000       0
                stringtext5                        102B     102B        5     2000       0
                stringtext4                        1025     1025        6     2000       0
                stringtext3                        1013     1013       12     2000       0
                stringtext2                        1000     1000       13     2000       0
                stringtext1                         6C3      6C3       41      D86       0
                idataBANK1                          D86      D86        8     1B0C       0
                idataBANK0                          D99      D99        B     1B32       0

TOTAL           Name                               Link     Load   Length     Space
        CLASS   STACK          

        CLASS   CODE           
                end_init                             70       70        2         0
                cinit                                72       72       3A         0
                intentry                              4        4       6C         0
                reset_vec                             0        0        2         0
                text36                              E90      E90       22         0
                text35                              DF3      DF3       17         0
                text34                              704      704       41         0
                text32                              F6A      F6A       2D         0
                text31                              E54      E54       1E         0
                text30                              DB4      DB4       13         0
                text29                              5EA      5EA       4A         0
                text28                              7F6      7F6        9         0
                text27                              D8E      D8E        B         0
                text26                              EB2      EB2       22         0
                text25                              FCB      FCB       35         0
                text24                              E72      E72       1E         0
                text23                              55E      55E       8C         0
                text22                              ED4      ED4       23         0
                text21                              EF7      EF7       23         0
                text20                              E0A      E0A       18         0
                text19                              67D      67D       46         0
                text18                              F1A      F1A       26         0
                text17                              F40      F40       2A         0
                text16                              745      745       40         0
                text15                              785      785       39         0
                text14                              DC7      DC7       16         0
                text13                              634      634       49         0
                text12                              7BE      7BE       38         0
                text11                              DDD      DDD       16         0
                text10                              E22      E22       19         0
                text9                               E3B      E3B       19         0
                text8                               180      180       BE         0
                text7                               F97      F97       34         0
                text6                               2F0      2F0       AE         0
                text5                               39E      39E       9B         0
                text4                               23E      23E       B2         0
                text3                                AC       AC       D4         0
                text2                               4D0      4D0       8E         0
                text1                               DA4      DA4       10         0
                maintext                            439      439       97         0
                clrtext                             D7A      D7A        6         0
                inittext                            D80      D80        6         0
                idataBANK1                          D86      D86        8         0
                idataBANK0                          D99      D99        B         0

        CLASS   STRCODE        
                stringtext8                        1038     1038        2         0
                stringtext7                        1034     1034        4         0
                stringtext6                        1030     1030        4         0
                stringtext5                        102B     102B        5         0
                stringtext4                        1025     1025        6         0
                stringtext3                        1013     1013       12         0
                stringtext2                        1000     1000       13         0
                stringtext1                         6C3      6C3       41         0

        CLASS   STRING         

        CLASS   CONST          

        CLASS   ENTRY          

        CLASS   COMMON         
                cstackCOMMON                         76       76        6         1
                bssCOMMON                            70       70        6         1

        CLASS   BANK0          
                cstackBANK0                          20       20       3C         1
                dataBANK0                            5C       5C        B         1
                bssBANK0                             67       67        7         1

        CLASS   BANK1          
                dataBANK1                            E0       E0        8         1
                bssBANK1                             A0       A0       40         1

        CLASS   BANK2          
                bssBANK2                            120      120       50         1

        CLASS   BANK3          

        CLASS   BANK4          

        CLASS   BANK5          

        CLASS   BANK6          

        CLASS   BANK7          

        CLASS   BANK8          

        CLASS   BANK9          

        CLASS   BANK10         

        CLASS   BANK11         

        CLASS   BANK12         

        CLASS   BIGRAM         

        CLASS   RAM            

        CLASS   ABS1           
                abs_s1                               7E       7E        2         1

        CLASS   SFR0           

        CLASS   SFR1           

        CLASS   SFR2           

        CLASS   SFR3           

        CLASS   SFR4           

        CLASS   SFR5           

        CLASS   SFR6           

        CLASS   SFR7           

        CLASS   SFR8           

        CLASS   SFR9           

        CLASS   SFR10          

        CLASS   SFR11          

        CLASS   SFR12          

        CLASS   SFR13          

        CLASS   SFR14          

        CLASS   SFR15          

        CLASS   SFR16          

        CLASS   SFR17          

        CLASS   SFR18          

        CLASS   SFR19          

        CLASS   SFR20          

        CLASS   SFR21          

        CLASS   SFR22          

        CLASS   SFR23          

        CLASS   SFR24          

        CLASS   SFR25          

        CLASS   SFR26          

        CLASS   SFR27          

        CLASS   SFR28          

        CLASS   SFR29          

        CLASS   SFR30          

        CLASS   SFR31          

        CLASS   CONFIG         
                config                             8007     8007        2         0

        CLASS   IDLOC          

        CLASS   BANK31         

        CLASS   BANK30         

        CLASS   BANK29         

        CLASS   BANK28         

        CLASS   BANK27         

        CLASS   BANK26         

        CLASS   BANK25         

        CLASS   BANK24         

        CLASS   BANK23         

        CLASS   BANK22         

        CLASS   BANK21         

        CLASS   BANK20         

        CLASS   BANK19         

        CLASS   BANK18         

        CLASS   BANK17         

        CLASS   BANK16         

        CLASS   BANK15         

        CLASS   BANK14         

        CLASS   BANK13         

        CLASS   EEDATA         



SEGMENTS        Name                           Load    Length   Top    Selector   Space  Class     Delta

                reset_vec                      000000  000002  000002         0       0  CODE        2
                intentry                       000004  0006BF  0006C3         8       0  CODE        2
                cstackBANK0                    000020  00004E  00006E        20       1  BANK0       1
                bssCOMMON                      000070  00000C  00007C        70       1  COMMON      1
                bssBANK1                       0000A0  000048  0000E8        A0       1  BANK1       1
                bssBANK2                       000120  000050  000170       120       1  BANK2       1
                stringtext1                    0006C3  000041  000704       D86       0  STRCODE     2
                text34                         000704  0000FB  0007FF       E08       0  CODE        2
                clrtext                        000D7A  000006  000D80      1AF4       0  CODE        2
                inittext                       000D80  000006  000D86      1B00       0  CODE        2
                idataBANK1                     000D86  000008  000D8E      1B0C       0  CODE        2
                text27                         000D8E  00000B  000D99      1B1C       0  CODE        2
                idataBANK0                     000D99  00000B  000DA4      1B32       0  CODE        2
                text1                          000DA4  000010  000DB4      1B48       0  CODE        2
                text30                         000DB4  000013  000DC7      1B68       0  CODE        2
                text14                         000DC7  000016  000DDD      1B8E       0  CODE        2
                text11                         000DDD  000016  000DF3      1BBA       0  CODE        2
                text35                         000DF3  000017  000E0A      1BE6       0  CODE        2
                text20                         000E0A  000018  000E22      1C14       0  CODE        2
                text10                         000E22  000019  000E3B      1C44       0  CODE        2
                text9                          000E3B  000019  000E54      1C76       0  CODE        2
                text31                         000E54  00001E  000E72      1CA8       0  CODE        2
                text24                         000E72  00001E  000E90      1CE4       0  CODE        2
                text36                         000E90  000022  000EB2      1D20       0  CODE        2
                text26                         000EB2  000022  000ED4      1D64       0  CODE        2
                text22                         000ED4  000023  000EF7      1DA8       0  CODE        2
                text21                         000EF7  000023  000F1A      1DEE       0  CODE        2
                text18                         000F1A  000026  000F40      1E34       0  CODE        2
                text17                         000F40  00002A  000F6A      1E80       0  CODE        2
                text32                         000F6A  00002D  000F97      1ED4       0  CODE        2
                text7                          000F97  000034  000FCB      1F2E       0  CODE        2
                text25                         000FCB  000035  001000      1F96       0  CODE        2
                stringtext2                    001000  00003A  00103A      2000       0  STRCODE     2
                config                         008007  000002  008009     1000E       0  CONFIG      2


UNUSED ADDRESS RANGES

        Name                Unused          Largest block    Delta
        BANK0            0006E-0006F               2           1
        BANK1            000E8-000EF               8           1
        BANK10           00520-0056F              50           1
        BANK11           005A0-005EF              50           1
        BANK12           00620-0064F              30           1
        BANK3            001A0-001EF              50           1
        BANK4            00220-0026F              50           1
        BANK5            002A0-002EF              50           1
        BANK6            00320-0036F              50           1
        BANK7            003A0-003EF              50           1
        BANK8            00420-0046F              50           1
        BANK9            004A0-004EF              50           1
        BIGRAM           02000-023EF             3F0           1
        CODE             00002-00003               2           2
                         007FF-00D79               1
                         0103A-01FFF             7C6
        COMMON           0007C-0007D               2           1
        CONST            00002-00003               2           2
                         007FF-00D79             100
                         0103A-01FFF             100
        ENTRY            00002-00003               2           2
                         007FF-00D79             100
                         0103A-01FFF             100
        IDLOC            08000-08003               4           2
        RAM              0006E-0006F               2           1
                         000E8-000EF               8
                         001A0-001EF              50
                         00220-0026F              50
                         002A0-002EF              50
                         00320-0036F              50
                         003A0-003EF              50
                         00420-0046F              50
                         004A0-004EF              50
                         00520-0056F              50
                         005A0-005EF              50
                         00620-0064F              30
        SFR0             00000-0001F              20           1
        SFR1             00080-0009F              20           1
        SFR10            00500-0051F              20           1
        SFR11            00580-0059F              20           1
        SFR12            00600-0061F              20           1
        SFR13            00680-006EF              70           1
        SFR14            00700-0076F              70           1
        SFR15            00780-007EF              70           1
        SFR16            00800-0086F              70           1
        SFR17            00880-008EF              70           1
        SFR18            00900-0096F              70           1
        SFR19            00980-009EF              70           1
        SFR2             00100-0011F              20           1
        SFR20            00A00-00A6F              70           1
        SFR21            00A80-00AEF              70           1
        SFR22            00B00-00B6F              70           1
        SFR23            00B80-00BEF              70           1
        SFR24            00C00-00C6F              70           1
        SFR25            00C80-00CEF              70           1
        SFR26            00D00-00D6F              70           1
        SFR27            00D80-00DEF              70           1
        SFR28            00E00-00E6F              70           1
        SFR29            00E80-00EEF              70           1
        SFR3             00180-0019F              20           1
        SFR30            00F00-00F6F              70           1
        SFR31            00F80-00FEF              70           1
        SFR4             00200-0021F              20           1
        SFR5             00280-0029F              20           1
        SFR6             00300-0031F              20           1
        SFR7             00380-0039F              20           1
        SFR8             00400-0041F              20           1
        SFR9             00480-0049F              20           1
        STACK            020F0-023EF             300           1
        STRCODE          00002-00003               2           2
                         007FF-00D79             57B
                         0103A-01FFF             FC6
        STRING           00002-00003               2           2
                         007FF-00D79             100
                         0103A-01FFF             100

                                  Symbol Table

?_isdigit                cstackBANK0  00020
?_isspace                cstackBANK0  00020
?_isupper                cstackBANK0  00020
QueIn@c                  cstackBANK0  00021
QueOut@c                 cstackBANK0  00021
Send@txchar              cstackBANK0  00023
SendHex@b                cstackBANK0  00026
SendHex@c                cstackBANK0  00027
SendStr@i                cstackBANK0  00025
SendStr@str              cstackBANK0  00026
_ANSELA                  (abs)        0018C
_ANSELC                  (abs)        0018E
_BAUD1CON                (abs)        0019F
_Buffer                  bssBANK2     00130
_INTCONbits              (abs)        0000B
_Index                   bssCOMMON    00075
_OSCCON                  (abs)        00099
_PIE1bits                (abs)        00091
_PIR1bits                (abs)        00011
_PORTCbits               (abs)        0000E
_QueIn                   text21       00EF7
_QueOut                  text20       00E0A
_RC0PPS                  (abs)        00EA0
_RC1PPS                  (abs)        00EA1
_RC1REG                  (abs)        00199
_RC1STA                  (abs)        0019D
_RC1STAbits              (abs)        0019D
_RC4PPS                  (abs)        00EA4
_RXPPS                   (abs)        00E24
_RcvBuf                  bssBANK2     00150
_RcvFlag                 bssBANK0     0006D
_SBuff                   bssBANK1     000A0
_SP1BRG                  (abs)        0019B
_SSP1ADD                 (abs)        00212
_SSP1BUF                 (abs)        00211
_SSP1CON1                (abs)        00215
_SSP1CON1bits            (abs)        00215
_SSP1CON2bits            (abs)        00216
_SSP1STAT                (abs)        00214
_SSP1STATbits            (abs)        00214
_Send                    text19       0067D
_SendHex                 text15       00785
_SendStr                 text18       00F1A
_Sending                 bssCOMMON    00073
_SndBuf                  bssBANK1     000C0
_TRISA                   (abs)        0008C
_TRISC                   (abs)        0008E
_TX1REG                  (abs)        0019A
_TX1STA                  (abs)        0019E
_TX1STAbits              (abs)        0019E
_Tindex                  bssCOMMON    00074
_TxFlag                  bssCOMMON    00072
_WDTCON                  (abs)        00097
_WPUA                    (abs)        0020C
_WPUC                    (abs)        0020E
__CFG_BOREN$OFF          (abs)        00000
__CFG_BORV$LO            (abs)        00000
__CFG_CLKOUTEN$OFF       (abs)        00000
__CFG_CP$OFF             (abs)        00000
__CFG_FCMEN$OFF          (abs)        00000
__CFG_FOSC$INTOSC        (abs)        00000
__CFG_IESO$OFF           (abs)        00000
__CFG_LVP$OFF            (abs)        00000
__CFG_MCLRE$ON           (abs)        00000
__CFG_PLLEN$ON           (abs)        00000
__CFG_PPS1WAY$ON         (abs)        00000
__CFG_PWRTE$OFF          (abs)        00000
__CFG_STVREN$ON          (abs)        00000
__CFG_WDTE$ON            (abs)        00000
__CFG_WRT$OFF            (abs)        00000
__CFG_ZCDDIS$ON          (abs)        00000
__Habs1                  abs1         00000
__Hbank0                 bank0        00000
__Hbank1                 bank1        00000
__Hbank10                bank10       00000
__Hbank11                bank11       00000
__Hbank12                bank12       00000
__Hbank13                bank13       00000
__Hbank14                bank14       00000
__Hbank15                bank15       00000
__Hbank16                bank16       00000
__Hbank17                bank17       00000
__Hbank18                bank18       00000
__Hbank19                bank19       00000
__Hbank2                 bank2        00000
__Hbank20                bank20       00000
__Hbank21                bank21       00000
__Hbank22                bank22       00000
__Hbank23                bank23       00000
__Hbank24                bank24       00000
__Hbank25                bank25       00000
__Hbank26                bank26       00000
__Hbank27                bank27       00000
__Hbank28                bank28       00000
__Hbank29                bank29       00000
__Hbank3                 bank3        00000
__Hbank30                bank30       00000
__Hbank31                bank31       00000
__Hbank4                 bank4        00000
__Hbank5                 bank5        00000
__Hbank6                 bank6        00000
__Hbank7                 bank7        00000
__Hbank8                 bank8        00000
__Hbank9                 bank9        00000
__Hbigram                bigram       00000
__HbssBANK0              bssBANK0     00000
__HbssBANK1              bssBANK1     00000
__HbssBANK2              bssBANK2     00000
__HbssCOMMON             bssCOMMON    00000
__Hcinit                 cinit        000AC
__Hclrtext               clrtext      00000
__Hcode                  code         00000
__Hcommon                common       00000
__Hconfig                config       08009
__HcstackBANK0           cstackBANK0  00000
__HcstackCOMMON          cstackCOMMON 00000
__HdataBANK0             dataBANK0    00000
__HdataBANK1             dataBANK1    00000
__Heeprom_data           eeprom_data  00000
__Hend_init              end_init     00072
__Hfunctab               functab      00000
__HidataBANK0            idataBANK0   00000
__HidataBANK1            idataBANK1   00000
__Hidloc                 idloc        00000
__Hinit                  init         00070
__Hinittext              inittext     00000
__Hintentry              intentry     00070
__Hmaintext              maintext     00000
__Hpowerup               powerup      00000
__Hram                   ram          00000
__Hreset_vec             reset_vec    00002
__Hsfr0                  sfr0         00000
__Hsfr1                  sfr1         00000
__Hsfr10                 sfr10        00000
__Hsfr11                 sfr11        00000
__Hsfr12                 sfr12        00000
__Hsfr13                 sfr13        00000
__Hsfr14                 sfr14        00000
__Hsfr15                 sfr15        00000
__Hsfr16                 sfr16        00000
__Hsfr17                 sfr17        00000
__Hsfr18                 sfr18        00000
__Hsfr19                 sfr19        00000
__Hsfr2                  sfr2         00000
__Hsfr20                 sfr20        00000
__Hsfr21                 sfr21        00000
__Hsfr22                 sfr22        00000
__Hsfr23                 sfr23        00000
__Hsfr24                 sfr24        00000
__Hsfr25                 sfr25        00000
__Hsfr26                 sfr26        00000
__Hsfr27                 sfr27        00000
__Hsfr28                 sfr28        00000
__Hsfr29                 sfr29        00000
__Hsfr3                  sfr3         00000
__Hsfr30                 sfr30        00000
__Hsfr31                 sfr31        00000
__Hsfr4                  sfr4         00000
__Hsfr5                  sfr5         00000
__Hsfr6                  sfr6         00000
__Hsfr7                  sfr7         00000
__Hsfr8                  sfr8         00000
__Hsfr9                  sfr9         00000
__Hspace_0               (abs)        08009
__Hspace_1               (abs)        00170
__Hspace_2               (abs)        00000
__Hspace_3               (abs)        00000
__Hstack                 stack        00000
__Hstrings               strings      00000
__Hstringtext1           stringtext1  00000
__Hstringtext2           stringtext2  00000
__Hstringtext3           stringtext3  00000
__Hstringtext4           stringtext4  00000
__Hstringtext5           stringtext5  00000
__Hstringtext6           stringtext6  00000
__Hstringtext7           stringtext7  00000
__Hstringtext8           stringtext8  00000
__Htext                  text         00000
__Labs1                  abs1         00000
__Lbank0                 bank0        00000
__Lbank1                 bank1        00000
__Lbank10                bank10       00000
__Lbank11                bank11       00000
__Lbank12                bank12       00000
__Lbank13                bank13       00000
__Lbank14                bank14       00000
__Lbank15                bank15       00000
__Lbank16                bank16       00000
__Lbank17                bank17       00000
__Lbank18                bank18       00000
__Lbank19                bank19       00000
__Lbank2                 bank2        00000
__Lbank20                bank20       00000
__Lbank21                bank21       00000
__Lbank22                bank22       00000
__Lbank23                bank23       00000
__Lbank24                bank24       00000
__Lbank25                bank25       00000
__Lbank26                bank26       00000
__Lbank27                bank27       00000
__Lbank28                bank28       00000
__Lbank29                bank29       00000
__Lbank3                 bank3        00000
__Lbank30                bank30       00000
__Lbank31                bank31       00000
__Lbank4                 bank4        00000
__Lbank5                 bank5        00000
__Lbank6                 bank6        00000
__Lbank7                 bank7        00000
__Lbank8                 bank8        00000
__Lbank9                 bank9        00000
__Lbigram                bigram       00000
__LbssBANK0              bssBANK0     00000
__LbssBANK1              bssBANK1     00000
__LbssBANK2              bssBANK2     00000
__LbssCOMMON             bssCOMMON    00000
__Lcinit                 cinit        00072
__Lclrtext               clrtext      00000
__Lcode                  code         00000
__Lcommon                common       00000
__Lconfig                config       08007
__LcstackBANK0           cstackBANK0  00000
__LcstackCOMMON          cstackCOMMON 00000
__LdataBANK0             dataBANK0    00000
__LdataBANK1             dataBANK1    00000
__Leeprom_data           eeprom_data  00000
__Lend_init              end_init     00070
__Lfunctab               functab      00000
__LidataBANK0            idataBANK0   00000
__LidataBANK1            idataBANK1   00000
__Lidloc                 idloc        00000
__Linit                  init         00070
__Linittext              inittext     00000
__Lintentry              intentry     00004
__Lmaintext              maintext     00000
__Lpowerup               powerup      00000
__Lram                   ram          00000
__Lreset_vec             reset_vec    00000
__Lsfr0                  sfr0         00000
__Lsfr1                  sfr1         00000
__Lsfr10                 sfr10        00000
__Lsfr11                 sfr11        00000
__Lsfr12                 sfr12        00000
__Lsfr13                 sfr13        00000
__Lsfr14                 sfr14        00000
__Lsfr15                 sfr15        00000
__Lsfr16                 sfr16        00000
__Lsfr17                 sfr17        00000
__Lsfr18                 sfr18        00000
__Lsfr19                 sfr19        00000
__Lsfr2                  sfr2         00000
__Lsfr20                 sfr20        00000
__Lsfr21                 sfr21        00000
__Lsfr22                 sfr22        00000
__Lsfr23                 sfr23        00000
__Lsfr24                 sfr24        00000
__Lsfr25                 sfr25        00000
__Lsfr26                 sfr26        00000
__Lsfr27                 sfr27        00000
__Lsfr28                 sfr28        00000
__Lsfr29                 sfr29        00000
__Lsfr3                  sfr3         00000
__Lsfr30                 sfr30        00000
__Lsfr31                 sfr31        00000
__Lsfr4                  sfr4         00000
__Lsfr5                  sfr5         00000
__Lsfr6                  sfr6         00000
__Lsfr7                  sfr7         00000
__Lsfr8                  sfr8         00000
__Lsfr9                  sfr9         00000
__Lspace_0               (abs)        00000
__Lspace_1               (abs)        00000
__Lspace_2               (abs)        00000
__Lspace_3               (abs)        00000
__Lstack                 stack        00000
__Lstrings               strings      00000
__Lstringtext1           stringtext1  00000
__Lstringtext2           stringtext2  00000
__Lstringtext3           stringtext3  00000
__Lstringtext4           stringtext4  00000
__Lstringtext5           stringtext5  00000
__Lstringtext6           stringtext6  00000
__Lstringtext7           stringtext7  00000
__Lstringtext8           stringtext8  00000
__Ltext                  text         00000
__S0                     (abs)        08009
__S1                     (abs)        00170
__S2                     (abs)        00000
___bmul                  text11       00DDD
___bmul@multiplicand     cstackBANK0  00020
___bmul@multiplier       cstackBANK0  00023
___bmul@product          cstackBANK0  00022
___int_sp                stack        00000
___latbits               (abs)        00002
___sp                    stack        00000
___stackhi               (abs)        023EF
___stacklo               (abs)        020F0
__end_of_QueIn           text21       00F1A
__end_of_QueOut          text20       00E22
__end_of_Send            text19       006C3
__end_of_SendHex         text15       007BE
__end_of_SendStr         text18       00F40
__end_of___bmul          text11       00DF3
__end_of__initialization cinit        000A8
__end_of_base64chars     stringtext1  00704
__end_of_cmdCheck        text29       00634
__end_of_cmdEcho         stringtext5  01030
__end_of_cmdGet          stringtext7  01038
__end_of_cmdSet          stringtext6  01034
__end_of_cmdX            stringtext8  0103A
__end_of_copyBuffer      text32       00F97
__end_of_copyConstStr    text22       00EF7
__end_of_endofLine       text24       00E90
__end_of_errMess         stringtext3  01025
__end_of_initI2C         text31       00E72
__end_of_isdigit         text10       00E3B
__end_of_isr             intentry     00070
__end_of_isspace         text26       00ED4
__end_of_isupper         text9        00E54
__end_of_ivaMess         stringtext2  01013
__end_of_main            maintext     004D0
__end_of_msghi           stringtext4  0102B
__end_of_myUpper         text30       00DC7
__end_of_newConvLine     text27       00D99
__end_of_nextItem        text23       005EA
__end_of_parseCommand    text2        0055E
__end_of_prefEcho        text5        00439
__end_of_prefGet         text4        002F0
__end_of_prefSet         text3        00180
__end_of_prefX           text6        0039E
__end_of_printInvArgErr  text16       00785
__end_of_readI2C         text13       0067D
__end_of_sendI2C         text12       007F6
__end_of_sendI2Cbyte     text7        00FCB
__end_of_setConvMode     text28       007FF
__end_of_skipblankLine   text25       01000
__end_of_sndStr          text17       00F6A
__end_of_stobyte         text8        0023E
__end_of_trySend         text1        00DB4
__end_of_waitIdleI2C     text14       00DDD
__end_ofi1_QueIn         text36       00EB2
__end_ofi1_QueOut        text35       00E0A
__end_ofi1_Send          text34       00745
__initialization         cinit        00072
__pbssBANK0              bssBANK0     00067
__pbssBANK1              bssBANK1     000A0
__pbssBANK2              bssBANK2     00120
__pbssCOMMON             bssCOMMON    00070
__pcstackBANK0           cstackBANK0  00020
__pcstackCOMMON          cstackCOMMON 00076
__pdataBANK0             dataBANK0    0005C
__pdataBANK1             dataBANK1    000E0
__pidataBANK0            idataBANK0   00D99
__pidataBANK1            idataBANK1   00D86
__pintentry              intentry     00004
__pmaintext              maintext     00439
__pstringtext1           stringtext1  006C3
__pstringtext2           stringtext2  01000
__pstringtext3           stringtext3  01013
__pstringtext4           stringtext4  01025
__pstringtext5           stringtext5  0102B
__pstringtext6           stringtext6  01030
__pstringtext7           stringtext7  01034
__pstringtext8           stringtext8  01038
__ptext1                 text1        00DA4
__ptext10                text10       00E22
__ptext11                text11       00DDD
__ptext12                text12       007BE
__ptext13                text13       00634
__ptext14                text14       00DC7
__ptext15                text15       00785
__ptext16                text16       00745
__ptext17                text17       00F40
__ptext18                text18       00F1A
__ptext19                text19       0067D
__ptext2                 text2        004D0
__ptext20                text20       00E0A
__ptext21                text21       00EF7
__ptext22                text22       00ED4
__ptext23                text23       0055E
__ptext24                text24       00E72
__ptext25                text25       00FCB
__ptext26                text26       00EB2
__ptext27                text27       00D8E
__ptext28                text28       007F6
__ptext29                text29       005EA
__ptext3                 text3        000AC
__ptext30                text30       00DB4
__ptext31                text31       00E54
__ptext32                text32       00F6A
__ptext34                text34       00704
__ptext35                text35       00DF3
__ptext36                text36       00E90
__ptext4                 text4        0023E
__ptext5                 text5        0039E
__ptext6                 text6        002F0
__ptext7                 text7        00F97
__ptext8                 text8        00180
__ptext9                 text9        00E3B
__size_of_QueIn          (abs)        00000
__size_of_QueOut         (abs)        00000
__size_of_Send           (abs)        00000
__size_of_SendHex        (abs)        00000
__size_of_SendStr        (abs)        00000
__size_of___bmul         (abs)        00000
__size_of_cmdCheck       (abs)        00000
__size_of_copyBuffer     (abs)        00000
__size_of_copyConstStr   (abs)        00000
__size_of_endofLine      (abs)        00000
__size_of_initI2C        (abs)        00000
__size_of_isdigit        (abs)        00000
__size_of_isr            (abs)        00000
__size_of_isspace        (abs)        00000
__size_of_isupper        (abs)        00000
__size_of_main           (abs)        00000
__size_of_myUpper        (abs)        00000
__size_of_newConvLine    (abs)        00000
__size_of_nextItem       (abs)        00000
__size_of_parseCommand   (abs)        00000
__size_of_prefEcho       (abs)        00000
__size_of_prefGet        (abs)        00000
__size_of_prefSet        (abs)        00000
__size_of_prefX          (abs)        00000
__size_of_printInvArgErr (abs)        00000
__size_of_readI2C        (abs)        00000
__size_of_sendI2C        (abs)        00000
__size_of_sendI2Cbyte    (abs)        00000
__size_of_setConvMode    (abs)        00000
__size_of_skipblankLine  (abs)        00000
__size_of_sndStr         (abs)        00000
__size_of_stobyte        (abs)        00000
__size_of_trySend        (abs)        00000
__size_of_waitIdleI2C    (abs)        00000
__size_ofi1_QueIn        (abs)        00000
__size_ofi1_QueOut       (abs)        00000
__size_ofi1_Send         (abs)        00000
_cmdArray                dataBANK0    0005C
_cmdCheck                text29       005EA
_cmdEcho                 stringtext5  0102B
_cmdGet                  stringtext7  01034
_cmdSet                  stringtext6  01030
_cmdX                    stringtext8  01038
_convData                bssBANK0     00068
_convErr                 bssBANK0     00067
_convMode                bssBANK0     00069
_copyBuffer              text32       00F6A
_copyConstStr            text22       00ED4
_echoFLG                 bssCOMMON    00071
_endofLine               text24       00E72
_errMess                 stringtext3  01013
_initI2C                 text31       00E54
_isdigit                 text10       00E22
_isr                     intentry     00004
_isspace                 text26       00EB2
_isspace$962             cstackBANK0  00024
_isupper                 text9        00E3B
_ivaMess                 stringtext2  01000
_lineBuff                bssBANK0     0006A
_main                    maintext     00439
_msghi                   stringtext4  01025
_myUpper                 text30       00DB4
_newConvLine             text27       00D8E
_nextItem                text23       0055E
_nextItem$574            cstackBANK0  0002E
_nextItem$575            cstackBANK0  00032
_nextItem$576            cstackBANK0  00030
_nextItem$577            cstackBANK0  00033
_parseCommand            text2        004D0
_prefArray               dataBANK1    000E0
_prefEcho                text5        0039E
_prefGet                 text4        0023E
_prefSet                 text3        000AC
_prefSet$615             cstackBANK0  00040
_prefX                   text6        002F0
_prefX$636               cstackBANK0  00043
_printInvArgErr          text16       00745
_readI2C                 text13       00634
_sendI2C                 text12       007BE
_sendI2Cbyte             text7        00F97
_setConvMode             text28       007F6
_skipblankLine           text25       00FCB
_skipblankLine$562       cstackBANK0  00027
_skipblankLine$563       cstackBANK0  00029
_sndStr                  text17       00F40
_stobyte                 text8        00180
_stobyte$596             cstackBANK0  0002A
_stobyte$597             cstackBANK0  0002C
_trySend                 text1        00DA4
_waitIdleI2C             text14       00DC7
btemp                    (abs)        0007E
clear_ram0               clrtext      00D7A
cmdCheck@b               cstackBANK0  00025
cmdCheck@c               cstackBANK0  00021
cmdCheck@n               cstackBANK0  00024
copyBuffer@p             cstackBANK0  00021
copyBuffer@q             cstackBANK0  00022
copyConstStr@dst         cstackBANK0  00022
copyConstStr@src         cstackBANK0  00020
end_of_initialization    cinit        000A8
endofLine@flag           cstackBANK0  0002A
i1QueIn@c                cstackCOMMON 00077
i1QueOut@c               cstackCOMMON 00077
i1Send@txchar            cstackCOMMON 00079
i1_QueIn                 text36       00E90
i1_QueOut                text35       00DF3
i1_Send                  text34       00704
initI2C@baud             cstackBANK0  00023
initI2C@flag             cstackBANK0  00021
initI2C@stat             cstackBANK0  00022
init_ram                 inittext     00D80
int$flags                (abs)        0007E
intlevel0                functab      00000
intlevel1                functab      00000
intlevel2                functab      00000
intlevel3                functab      00000
intlevel4                functab      00000
intlevel5                functab      00000
isdigit@c                cstackBANK0  00020
isr@data                 cstackCOMMON 0007B
isspace@c                cstackBANK0  00020
isupper@c                cstackBANK0  00020
main@bring               cstackBANK0  0005B
main@loop                cstackBANK0  00059
myUpper@c                cstackBANK0  00020
newConvLine@p            cstackBANK0  00023
nextItem@p               cstackBANK0  0002D
parseCommand@args        cstackBANK0  0004A
parseCommand@i           cstackBANK0  00056
parseCommand@p           cstackBANK0  00055
parseCommand@q           cstackBANK0  00054
prefEcho@args            cstackBANK0  00030
prefEcho@f               cstackBANK0  00033
prefGet@addr             cstackBANK0  00044
prefGet@args             cstackBANK0  00030
prefGet@buf              cstackBANK0  00033
prefGet@reg              cstackBANK0  00043
prefSet@addr             cstackBANK0  00042
prefSet@args             cstackBANK0  00030
prefSet@buf              cstackBANK0  00036
prefSet@i                cstackBANK0  00043
prefX@F4812              dataBANK0    00064
prefX@addr               cstackBANK0  00047
prefX@args               cstackBANK0  00030
prefX@buf                cstackBANK0  00039
prefX@i                  cstackBANK0  00048
prefX@j                  cstackBANK0  00046
prefX@reg                cstackBANK0  00045
prefX@x                  cstackBANK0  00036
printInvArgErr@args      cstackBANK0  0002D
printInvArgErr@i         cstackBANK0  0002C
readI2C@addr             cstackBANK0  00024
readI2C@buf              cstackBANK0  00020
readI2C@n                cstackBANK0  00021
readI2C@num              cstackBANK0  00023
reset_vec                reset_vec    00000
sendI2C@addr             cstackBANK0  00023
sendI2C@buf              cstackBANK0  00020
sendI2C@n                cstackBANK0  00021
sendI2Cbyte@addr         cstackBANK0  00022
sendI2Cbyte@data         cstackBANK0  00021
sendI2Cbyte@reg          cstackBANK0  00020
setConvMode@m            cstackBANK0  00021
sndStr@p                 cstackBANK0  00027
sndStr@q                 cstackBANK0  0002A
start                    init         00070
start_initialization     cinit        00072
stobyte@ans              cstackBANK0  0002E
stobyte@s                cstackBANK0  0002F
wtemp0                   (abs)        0007E


FUNCTION INFORMATION:

 *************** function _main *****************
 Defined at:
		line 120 in file "SerialBase.c"
 Parameters:    Size  Location     Type
		None
 Auto vars:     Size  Location     Type
  loop            2   57[BANK0 ] unsigned int 
  bring           1   59[BANK0 ] unsigned char 
 Return value:  Size  Location     Type
                  2  112[None  ] int 
 Registers used:
		wreg, fsr0l, fsr0h, fsr1l, fsr1h, status,2, status,0, pclath, cstack
 Tracked objects:
		On entry : 
		On exit  : 
		Unchanged: 
 Data sizes:     COMMON   BANK0   BANK1   BANK2   BANK3   BANK4   BANK5   BANK6   BANK7   BANK8   BANK9  BANK10  BANK11  BANK12
      Params:         0       0       0       0       0       0       0       0       0       0       0       0       0       0
      Locals:         0       3       0       0       0       0       0       0       0       0       0       0       0       0
      Temps:          0       2       0       0       0       0       0       0       0       0       0       0       0       0
      Totals:         0       5       0       0       0       0       0       0       0       0       0       0       0       0
Total ram usage:        5 bytes
 Hardware stack levels required when called:   10
 This function calls:
		_SendStr
		_copyBuffer
		_copyConstStr
		_initI2C
		_parseCommand
		_trySend
 This function is called by:
		Startup code after reset
 This function uses a non-reentrant model


 *************** function _trySend *****************
 Defined at:
		line 213 in file "SerialBase.c"
 Parameters:    Size  Location     Type
		None
 Auto vars:     Size  Location     Type
		None
 Return value:  Size  Location     Type
                  1    wreg      void 
 Registers used:
		wreg, fsr1l, fsr1h, status,2, status,0, pclath, cstack
 Tracked objects:
		On entry : 
		On exit  : 
		Unchanged: 
 Data sizes:     COMMON   BANK0   BANK1   BANK2   BANK3   BANK4   BANK5   BANK6   BANK7   BANK8   BANK9  BANK10  BANK11  BANK12
      Params:         0       0       0       0       0       0       0       0       0       0       0       0       0       0
      Locals:         0       0       0       0       0       0       0       0       0       0       0       0       0       0
      Temps:          0       0       0       0       0       0       0       0       0       0       0       0       0       0
      Totals:         0       0       0       0       0       0       0       0       0       0       0       0       0       0
Total ram usage:        0 bytes
 Hardware stack levels used:    1
 Hardware stack levels required when called:    4
 This function calls:
		_QueOut
 This function is called by:
		_main
 This function uses a non-reentrant model


 *************** function _parseCommand *****************
 Defined at:
		line 96 in file "parseline.c"
 Parameters:    Size  Location     Type
		None
 Auto vars:     Size  Location     Type
  args           10   42[BANK0 ] PTR unsigned char [10]
		 -> NULL(0), Buffer(32), 
  i               1   54[BANK0 ] unsigned char 
  p               1   53[BANK0 ] PTR unsigned char 
		 -> NULL(0), Buffer(32), 
  q               1   52[BANK0 ] PTR unsigned char 
		 -> NULL(0), Buffer(32), 
 Return value:  Size  Location     Type
                  1    wreg      void 
 Registers used:
		wreg, fsr0l, fsr0h, fsr1l, fsr1h, status,2, status,0, pclath, cstack
 Tracked objects:
		On entry : 
		On exit  : 
		Unchanged: 
 Data sizes:     COMMON   BANK0   BANK1   BANK2   BANK3   BANK4   BANK5   BANK6   BANK7   BANK8   BANK9  BANK10  BANK11  BANK12
      Params:         0       0       0       0       0       0       0       0       0       0       0       0       0       0
      Locals:         0      13       0       0       0       0       0       0       0       0       0       0       0       0
      Temps:          0       1       0       0       0       0       0       0       0       0       0       0       0       0
      Totals:         0      14       0       0       0       0       0       0       0       0       0       0       0       0
Total ram usage:       14 bytes
 Hardware stack levels used:    1
 Hardware stack levels required when called:    9
 This function calls:
		_Send
		_SendStr
		_cmdCheck
		_copyConstStr
		_newConvLine
		_nextItem
		_prefEcho
		_prefGet
		_prefSet
		_prefX
		_sndStr
 This function is called by:
		_main
 This function uses a non-reentrant model


 *************** function _prefSet *****************
 Defined at:
		line 218 in file "parseline.c"
 Parameters:    Size  Location     Type
  args            1   16[BANK0 ] PTR PTR unsigned char 
		 -> parseCommand@args(10), 
 Auto vars:     Size  Location     Type
  buf            10   22[BANK0 ] unsigned char [10]
  p               2    0        PTR unsigned char 
  i               1   35[BANK0 ] unsigned char 
  addr            1   34[BANK0 ] unsigned char 
  data            1    0        unsigned char 
  reg             1    0        unsigned char 
 Return value:  Size  Location     Type
                  1    wreg      void 
 Registers used:
		wreg, fsr0l, fsr0h, fsr1l, fsr1h, status,2, status,0, pclath, cstack
 Tracked objects:
		On entry : 
		On exit  : 
		Unchanged: 
 Data sizes:     COMMON   BANK0   BANK1   BANK2   BANK3   BANK4   BANK5   BANK6   BANK7   BANK8   BANK9  BANK10  BANK11  BANK12
      Params:         0       1       0       0       0       0       0       0       0       0       0       0       0       0
      Locals:         0      14       0       0       0       0       0       0       0       0       0       0       0       0
      Temps:          0       5       0       0       0       0       0       0       0       0       0       0       0       0
      Totals:         0      20       0       0       0       0       0       0       0       0       0       0       0       0
Total ram usage:       20 bytes
 Hardware stack levels used:    1
 Hardware stack levels required when called:    8
 This function calls:
		_isdigit
		_printInvArgErr
		_sendI2C
		_sendI2Cbyte
		_stobyte
 This function is called by:
		_parseCommand
 This function uses a non-reentrant model


 *************** function _prefGet *****************
 Defined at:
		line 252 in file "parseline.c"
 Parameters:    Size  Location     Type
  args            1   16[BANK0 ] PTR PTR unsigned char 
		 -> parseCommand@args(10), 
 Auto vars:     Size  Location     Type
  buf            16   19[BANK0 ] unsigned char [16]
  p               2    0        PTR unsigned char 
  addr            1   36[BANK0 ] unsigned char 
  reg             1   35[BANK0 ] unsigned char 
  i               1    0        unsigned char 
 Return value:  Size  Location     Type
                  1    wreg      void 
 Registers used:
		wreg, fsr0l, fsr0h, fsr1l, fsr1h, status,2, status,0, pclath, cstack
 Tracked objects:
		On entry : 
		On exit  : 
		Unchanged: 
 Data sizes:     COMMON   BANK0   BANK1   BANK2   BANK3   BANK4   BANK5   BANK6   BANK7   BANK8   BANK9  BANK10  BANK11  BANK12
      Params:         0       1       0       0       0       0       0       0       0       0       0       0       0       0
      Locals:         0      18       0       0       0       0       0       0       0       0       0       0       0       0
      Temps:          0       2       0       0       0       0       0       0       0       0       0       0       0       0
      Totals:         0      21       0       0       0       0       0       0       0       0       0       0       0       0
Total ram usage:       21 bytes
 Hardware stack levels used:    1
 Hardware stack levels required when called:    8
 This function calls:
		_Send
		_SendHex
		_printInvArgErr
		_readI2C
		_sendI2C
		_stobyte
 This function is called by:
		_parseCommand
 This function uses a non-reentrant model


 *************** function _prefEcho *****************
 Defined at:
		line 187 in file "parseline.c"
 Parameters:    Size  Location     Type
  args            1   16[BANK0 ] PTR PTR unsigned char 
		 -> parseCommand@args(10), 
 Auto vars:     Size  Location     Type
  f               4   19[BANK0 ] unsigned char [4]
 Return value:  Size  Location     Type
                  1    wreg      void 
 Registers used:
		wreg, fsr0l, fsr0h, fsr1l, fsr1h, status,2, status,0, pclath, cstack
 Tracked objects:
		On entry : 
		On exit  : 
		Unchanged: 
 Data sizes:     COMMON   BANK0   BANK1   BANK2   BANK3   BANK4   BANK5   BANK6   BANK7   BANK8   BANK9  BANK10  BANK11  BANK12
      Params:         0       1       0       0       0       0       0       0       0       0       0       0       0       0
      Locals:         0       4       0       0       0       0       0       0       0       0       0       0       0       0
      Temps:          0       2       0       0       0       0       0       0       0       0       0       0       0       0
      Totals:         0       7       0       0       0       0       0       0       0       0       0       0       0       0
Total ram usage:        7 bytes
 Hardware stack levels used:    1
 Hardware stack levels required when called:    8
 This function calls:
		_Send
		_SendStr
		_copyConstStr
		_printInvArgErr
		_sndStr
 This function is called by:
		_parseCommand
 This function uses a non-reentrant model


 *************** function _prefX *****************
 Defined at:
		line 290 in file "parseline.c"
 Parameters:    Size  Location     Type
  args            1   16[BANK0 ] PTR PTR unsigned char 
		 -> parseCommand@args(10), 
 Auto vars:     Size  Location     Type
  buf            10   25[BANK0 ] unsigned char [10]
  x               3   22[BANK0 ] unsigned char [3]
  i               1   40[BANK0 ] unsigned char 
  addr            1   39[BANK0 ] unsigned char 
  j               1   38[BANK0 ] unsigned char 
  reg             1   37[BANK0 ] unsigned char 
 Return value:  Size  Location     Type
                  1    wreg      void 
 Registers used:
		wreg, fsr1l, fsr1h, status,2, status,0, pclath, cstack
 Tracked objects:
		On entry : 
		On exit  : 
		Unchanged: 
 Data sizes:     COMMON   BANK0   BANK1   BANK2   BANK3   BANK4   BANK5   BANK6   BANK7   BANK8   BANK9  BANK10  BANK11  BANK12
      Params:         0       1       0       0       0       0       0       0       0       0       0       0       0       0
      Locals:         0      19       0       0       0       0       0       0       0       0       0       0       0       0
      Temps:          0       5       0       0       0       0       0       0       0       0       0       0       0       0
      Totals:         0      25       0       0       0       0       0       0       0       0       0       0       0       0
Total ram usage:       25 bytes
 Hardware stack levels used:    1
 Hardware stack levels required when called:    7
 This function calls:
		_Send
		_SendHex
		_isdigit
		_readI2C
		_sendI2C
		_sndStr
		_stobyte
 This function is called by:
		_parseCommand
 This function uses a non-reentrant model


 *************** function _sendI2Cbyte *****************
 Defined at:
		line 36 in file "I2CBase.c"
 Parameters:    Size  Location     Type
  addr            1    wreg     unsigned char 
  reg             1    0[BANK0 ] unsigned char 
  data            1    1[BANK0 ] unsigned char 
 Auto vars:     Size  Location     Type
  addr            1    2[BANK0 ] unsigned char 
 Return value:  Size  Location     Type
                  1    wreg      void 
 Registers used:
		wreg, status,2, status,0, pclath, cstack
 Tracked objects:
		On entry : 
		On exit  : 
		Unchanged: 
 Data sizes:     COMMON   BANK0   BANK1   BANK2   BANK3   BANK4   BANK5   BANK6   BANK7   BANK8   BANK9  BANK10  BANK11  BANK12
      Params:         0       2       0       0       0       0       0       0       0       0       0       0       0       0
      Locals:         0       1       0       0       0       0       0       0       0       0       0       0       0       0
      Temps:          0       0       0       0       0       0       0       0       0       0       0       0       0       0
      Totals:         0       3       0       0       0       0       0       0       0       0       0       0       0       0
Total ram usage:        3 bytes
 Hardware stack levels used:    1
 Hardware stack levels required when called:    4
 This function calls:
		_waitIdleI2C
 This function is called by:
		_prefSet
 This function uses a non-reentrant model


 *************** function _stobyte *****************
 Defined at:
		line 125 in file "parseline.c"
 Parameters:    Size  Location     Type
  s               1    wreg     PTR unsigned char 
		 -> NULL(0), Buffer(32), 
 Auto vars:     Size  Location     Type
  s               1   15[BANK0 ] PTR unsigned char 
		 -> NULL(0), Buffer(32), 
  ans             1   14[BANK0 ] unsigned char 
 Return value:  Size  Location     Type
                  1    wreg      unsigned char 
 Registers used:
		wreg, fsr1l, fsr1h, status,2, status,0, pclath, cstack
 Tracked objects:
		On entry : 
		On exit  : 
		Unchanged: 
 Data sizes:     COMMON   BANK0   BANK1   BANK2   BANK3   BANK4   BANK5   BANK6   BANK7   BANK8   BANK9  BANK10  BANK11  BANK12
      Params:         0       0       0       0       0       0       0       0       0       0       0       0       0       0
      Locals:         0       6       0       0       0       0       0       0       0       0       0       0       0       0
      Temps:          0       4       0       0       0       0       0       0       0       0       0       0       0       0
      Totals:         0      10       0       0       0       0       0       0       0       0       0       0       0       0
Total ram usage:       10 bytes
 Hardware stack levels used:    1
 Hardware stack levels required when called:    4
 This function calls:
		___bmul
		_isdigit
		_isupper
 This function is called by:
		_prefSet
		_prefGet
		_prefX
 This function uses a non-reentrant model


 *************** function _isupper *****************
 Defined at:
		line 5 in file "C:\Program Files (x86)\Microchip\xc8\v2.10\pic\sources\c99\common\isupper.c"
 Parameters:    Size  Location     Type
  c               2    0[BANK0 ] int 
 Auto vars:     Size  Location     Type
		None
 Return value:  Size  Location     Type
                  2    0[BANK0 ] int 
 Registers used:
		wreg, status,2, status,0
 Tracked objects:
		On entry : 
		On exit  : 
		Unchanged: 
 Data sizes:     COMMON   BANK0   BANK1   BANK2   BANK3   BANK4   BANK5   BANK6   BANK7   BANK8   BANK9  BANK10  BANK11  BANK12
      Params:         0       2       0       0       0       0       0       0       0       0       0       0       0       0
      Locals:         0       0       0       0       0       0       0       0       0       0       0       0       0       0
      Temps:          0       4       0       0       0       0       0       0       0       0       0       0       0       0
      Totals:         0       6       0       0       0       0       0       0       0       0       0       0       0       0
Total ram usage:        6 bytes
 Hardware stack levels used:    1
 Hardware stack levels required when called:    3
 This function calls:
		Nothing
 This function is called by:
		_stobyte
		_stoint
 This function uses a non-reentrant model


 *************** function _isdigit *****************
 Defined at:
		line 5 in file "C:\Program Files (x86)\Microchip\xc8\v2.10\pic\sources\c99\common\isdigit.c"
 Parameters:    Size  Location     Type
  c               2    0[BANK0 ] int 
 Auto vars:     Size  Location     Type
		None
 Return value:  Size  Location     Type
                  2    0[BANK0 ] int 
 Registers used:
		wreg, status,2, status,0
 Tracked objects:
		On entry : 
		On exit  : 
		Unchanged: 
 Data sizes:     COMMON   BANK0   BANK1   BANK2   BANK3   BANK4   BANK5   BANK6   BANK7   BANK8   BANK9  BANK10  BANK11  BANK12
      Params:         0       2       0       0       0       0       0       0       0       0       0       0       0       0
      Locals:         0       0       0       0       0       0       0       0       0       0       0       0       0       0
      Temps:          0       4       0       0       0       0       0       0       0       0       0       0       0       0
      Totals:         0       6       0       0       0       0       0       0       0       0       0       0       0       0
Total ram usage:        6 bytes
 Hardware stack levels used:    1
 Hardware stack levels required when called:    3
 This function calls:
		Nothing
 This function is called by:
		_stobyte
		_prefSet
		_prefX
		_str2Byte
		_str2Hxs
		_stoint
 This function uses a non-reentrant model


 *************** function ___bmul *****************
 Defined at:
		line 4 in file "C:\Program Files (x86)\Microchip\xc8\v2.10\pic\sources\c99\common\Umul8.c"
 Parameters:    Size  Location     Type
  multiplier      1    wreg     unsigned char 
  multiplicand    1    0[BANK0 ] unsigned char 
 Auto vars:     Size  Location     Type
  multiplier      1    3[BANK0 ] unsigned char 
  product         1    2[BANK0 ] unsigned char 
 Return value:  Size  Location     Type
                  1    wreg      unsigned char 
 Registers used:
		wreg, status,2, status,0
 Tracked objects:
		On entry : 
		On exit  : 
		Unchanged: 
 Data sizes:     COMMON   BANK0   BANK1   BANK2   BANK3   BANK4   BANK5   BANK6   BANK7   BANK8   BANK9  BANK10  BANK11  BANK12
      Params:         0       1       0       0       0       0       0       0       0       0       0       0       0       0
      Locals:         0       2       0       0       0       0       0       0       0       0       0       0       0       0
      Temps:          0       1       0       0       0       0       0       0       0       0       0       0       0       0
      Totals:         0       4       0       0       0       0       0       0       0       0       0       0       0       0
Total ram usage:        4 bytes
 Hardware stack levels used:    1
 Hardware stack levels required when called:    3
 This function calls:
		Nothing
 This function is called by:
		_stobyte
		_str2Byte
 This function uses a non-reentrant model


 *************** function _sendI2C *****************
 Defined at:
		line 18 in file "I2CBase.c"
 Parameters:    Size  Location     Type
  addr            1    wreg     unsigned char 
  buf             1    0[BANK0 ] PTR unsigned char 
		 -> prefX@reg(1), prefGet@reg(1), prefSet@buf(10), 
  n               1    1[BANK0 ] unsigned char 
 Auto vars:     Size  Location     Type
  addr            1    3[BANK0 ] unsigned char 
 Return value:  Size  Location     Type
                  1    wreg      void 
 Registers used:
		wreg, fsr1l, fsr1h, status,2, status,0, pclath, cstack
 Tracked objects:
		On entry : 
		On exit  : 
		Unchanged: 
 Data sizes:     COMMON   BANK0   BANK1   BANK2   BANK3   BANK4   BANK5   BANK6   BANK7   BANK8   BANK9  BANK10  BANK11  BANK12
      Params:         0       2       0       0       0       0       0       0       0       0       0       0       0       0
      Locals:         0       1       0       0       0       0       0       0       0       0       0       0       0       0
      Temps:          0       1       0       0       0       0       0       0       0       0       0       0       0       0
      Totals:         0       4       0       0       0       0       0       0       0       0       0       0       0       0
Total ram usage:        4 bytes
 Hardware stack levels used:    1
 Hardware stack levels required when called:    4
 This function calls:
		_waitIdleI2C
 This function is called by:
		_prefSet
		_prefGet
		_prefX
 This function uses a non-reentrant model


 *************** function _readI2C *****************
 Defined at:
		line 58 in file "I2CBase.c"
 Parameters:    Size  Location     Type
  addr            1    wreg     unsigned char 
  buf             1    0[BANK0 ] PTR unsigned char 
		 -> prefX@buf(10), prefGet@buf(16), 
  n               1    1[BANK0 ] unsigned char 
 Auto vars:     Size  Location     Type
  addr            1    4[BANK0 ] unsigned char 
  num             1    3[BANK0 ] unsigned char 
 Return value:  Size  Location     Type
                  2    0[BANK0 ] int 
 Registers used:
		wreg, fsr1l, fsr1h, status,2, status,0, pclath, cstack
 Tracked objects:
		On entry : 
		On exit  : 
		Unchanged: 
 Data sizes:     COMMON   BANK0   BANK1   BANK2   BANK3   BANK4   BANK5   BANK6   BANK7   BANK8   BANK9  BANK10  BANK11  BANK12
      Params:         0       2       0       0       0       0       0       0       0       0       0       0       0       0
      Locals:         0       2       0       0       0       0       0       0       0       0       0       0       0       0
      Temps:          0       1       0       0       0       0       0       0       0       0       0       0       0       0
      Totals:         0       5       0       0       0       0       0       0       0       0       0       0       0       0
Total ram usage:        5 bytes
 Hardware stack levels used:    1
 Hardware stack levels required when called:    4
 This function calls:
		_waitIdleI2C
 This function is called by:
		_prefGet
		_prefX
 This function uses a non-reentrant model


 *************** function _waitIdleI2C *****************
 Defined at:
		line 83 in file "I2CBase.c"
 Parameters:    Size  Location     Type
		None
 Auto vars:     Size  Location     Type
		None
 Return value:  Size  Location     Type
                  1    wreg      void 
 Registers used:
		None
 Tracked objects:
		On entry : 
		On exit  : 
		Unchanged: 
 Data sizes:     COMMON   BANK0   BANK1   BANK2   BANK3   BANK4   BANK5   BANK6   BANK7   BANK8   BANK9  BANK10  BANK11  BANK12
      Params:         0       0       0       0       0       0       0       0       0       0       0       0       0       0
      Locals:         0       0       0       0       0       0       0       0       0       0       0       0       0       0
      Temps:          0       0       0       0       0       0       0       0       0       0       0       0       0       0
      Totals:         0       0       0       0       0       0       0       0       0       0       0       0       0       0
Total ram usage:        0 bytes
 Hardware stack levels used:    1
 Hardware stack levels required when called:    3
 This function calls:
		Nothing
 This function is called by:
		_sendI2C
		_sendI2Cbyte
		_readI2C
 This function uses a non-reentrant model


 *************** function _SendHex *****************
 Defined at:
		line 269 in file "SerialBase.c"
 Parameters:    Size  Location     Type
  b               1    wreg     unsigned char 
 Auto vars:     Size  Location     Type
  b               1    6[BANK0 ] unsigned char 
  c               1    7[BANK0 ] unsigned char 
 Return value:  Size  Location     Type
                  1    wreg      void 
 Registers used:
		wreg, fsr1l, fsr1h, status,2, status,0, pclath, cstack
 Tracked objects:
		On entry : 
		On exit  : 
		Unchanged: 
 Data sizes:     COMMON   BANK0   BANK1   BANK2   BANK3   BANK4   BANK5   BANK6   BANK7   BANK8   BANK9  BANK10  BANK11  BANK12
      Params:         0       0       0       0       0       0       0       0       0       0       0       0       0       0
      Locals:         0       2       0       0       0       0       0       0       0       0       0       0       0       0
      Temps:          0       2       0       0       0       0       0       0       0       0       0       0       0       0
      Totals:         0       4       0       0       0       0       0       0       0       0       0       0       0       0
Total ram usage:        4 bytes
 Hardware stack levels used:    1
 Hardware stack levels required when called:    5
 This function calls:
		_Send
 This function is called by:
		_prefGet
		_prefX
 This function uses a non-reentrant model


 *************** function _printInvArgErr *****************
 Defined at:
		line 313 in file "parseline.c"
 Parameters:    Size  Location     Type
  args            1    wreg     PTR PTR unsigned char 
		 -> parseCommand@args(10), 
 Auto vars:     Size  Location     Type
  args            1   13[BANK0 ] PTR PTR unsigned char 
		 -> parseCommand@args(10), 
  i               1   12[BANK0 ] unsigned char 
 Return value:  Size  Location     Type
                  1    wreg      void 
 Registers used:
		wreg, fsr0l, fsr0h, fsr1l, fsr1h, status,2, status,0, pclath, cstack
 Tracked objects:
		On entry : 
		On exit  : 
		Unchanged: 
 Data sizes:     COMMON   BANK0   BANK1   BANK2   BANK3   BANK4   BANK5   BANK6   BANK7   BANK8   BANK9  BANK10  BANK11  BANK12
      Params:         0       0       0       0       0       0       0       0       0       0       0       0       0       0
      Locals:         0       2       0       0       0       0       0       0       0       0       0       0       0       0
      Temps:          0       1       0       0       0       0       0       0       0       0       0       0       0       0
      Totals:         0       3       0       0       0       0       0       0       0       0       0       0       0       0
Total ram usage:        3 bytes
 Hardware stack levels used:    1
 Hardware stack levels required when called:    7
 This function calls:
		_Send
		_SendStr
		_copyConstStr
		_sndStr
 This function is called by:
		_prefEcho
		_prefSet
		_prefGet
 This function uses a non-reentrant model


 *************** function _sndStr *****************
 Defined at:
		line 262 in file "SerialBase.c"
 Parameters:    Size  Location     Type
  p               2    7[BANK0 ] PTR unsigned char 
		 -> prefX@x(3), prefEcho@f(4), NULL(0), Buffer(32), 
 Auto vars:     Size  Location     Type
  q               1   10[BANK0 ] PTR unsigned char 
		 -> SndBuf(32), 
 Return value:  Size  Location     Type
                  1    wreg      void 
 Registers used:
		wreg, fsr1l, fsr1h, status,2, status,0, pclath, cstack
 Tracked objects:
		On entry : 
		On exit  : 
		Unchanged: 
 Data sizes:     COMMON   BANK0   BANK1   BANK2   BANK3   BANK4   BANK5   BANK6   BANK7   BANK8   BANK9  BANK10  BANK11  BANK12
      Params:         0       2       0       0       0       0       0       0       0       0       0       0       0       0
      Locals:         0       1       0       0       0       0       0       0       0       0       0       0       0       0
      Temps:          0       1       0       0       0       0       0       0       0       0       0       0       0       0
      Totals:         0       4       0       0       0       0       0       0       0       0       0       0       0       0
Total ram usage:        4 bytes
 Hardware stack levels used:    1
 Hardware stack levels required when called:    6
 This function calls:
		_SendStr
 This function is called by:
		_parseCommand
		_prefEcho
		_prefX
		_printInvArgErr
 This function uses a non-reentrant model


 *************** function _SendStr *****************
 Defined at:
		line 252 in file "SerialBase.c"
 Parameters:    Size  Location     Type
		None
 Auto vars:     Size  Location     Type
  str             1    6[BANK0 ] PTR unsigned char 
		 -> SndBuf(32), 
  i               1    5[BANK0 ] unsigned char 
 Return value:  Size  Location     Type
                  1    wreg      void 
 Registers used:
		wreg, fsr1l, fsr1h, status,2, status,0, pclath, cstack
 Tracked objects:
		On entry : 
		On exit  : 
		Unchanged: 
 Data sizes:     COMMON   BANK0   BANK1   BANK2   BANK3   BANK4   BANK5   BANK6   BANK7   BANK8   BANK9  BANK10  BANK11  BANK12
      Params:         0       0       0       0       0       0       0       0       0       0       0       0       0       0
      Locals:         0       2       0       0       0       0       0       0       0       0       0       0       0       0
      Temps:          0       1       0       0       0       0       0       0       0       0       0       0       0       0
      Totals:         0       3       0       0       0       0       0       0       0       0       0       0       0       0
Total ram usage:        3 bytes
 Hardware stack levels used:    1
 Hardware stack levels required when called:    5
 This function calls:
		_Send
 This function is called by:
		_main
		_sndStr
		_parseCommand
		_prefEcho
		_printInvArgErr
 This function uses a non-reentrant model


 *************** function _Send *****************
 Defined at:
		line 232 in file "SerialBase.c"
 Parameters:    Size  Location     Type
  txchar          1    wreg     unsigned char 
 Auto vars:     Size  Location     Type
  txchar          1    3[BANK0 ] unsigned char 
 Return value:  Size  Location     Type
                  1    wreg      void 
 Registers used:
		wreg, fsr1l, fsr1h, status,2, status,0, pclath, cstack
 Tracked objects:
		On entry : 
		On exit  : 
		Unchanged: 
[...]
 Defined at:
		line 52 in file "parseline.c"
 Parameters:    Size  Location     Type
		None
 Auto vars:     Size  Location     Type
		None
 Return value:  Size  Location     Type
                  1    wreg      void 
 Registers used:
		wreg, fsr1l, fsr1h, status,2, status,0
 Tracked objects:
		On entry : 
		On exit  : 
		Unchanged: 
 Data sizes:     COMMON   BANK0   BANK1   BANK2   BANK3   BANK4   BANK5   BANK6   BANK7   BANK8   BANK9  BANK10  BANK11  BANK12
      Params:         0       0       0       0       0       0       0       0       0       0       0       0       0       0
      Locals:         0       3       0       0       0       0       0       0       0       0       0       0       0       0
      Temps:          0       2       0       0       0       0       0       0       0       0       0       0       0       0
      Totals:         0       5       0       0       0       0       0       0       0       0       0       0       0       0
Total ram usage:        5 bytes
 Hardware stack levels used:    1
 Hardware stack levels required when called:    4
 This function calls:
		_isspace
 This function is called by:
		_endofLine
 This function uses a non-reentrant model


 *************** function _isspace *****************
 Defined at:
		line 5 in file "C:\Program Files (x86)\Microchip\xc8\v2.10\pic\sources\c99\common\isspace.c"
 Parameters:    Size  Location     Type
  c               2    0[BANK0 ] int 
 Auto vars:     Size  Location     Type
		None
 Return value:  Size  Location     Type
                  2    0[BANK0 ] int 
 Registers used:
		wreg, status,2, status,0
 Tracked objects:
		On entry : 
		On exit  : 
		Unchanged: 
 Data sizes:     COMMON   BANK0   BANK1   BANK2   BANK3   BANK4   BANK5   BANK6   BANK7   BANK8   BANK9  BANK10  BANK11  BANK12
      Params:         0       2       0       0       0       0       0       0       0       0       0       0       0       0
      Locals:         0       1       0       0       0       0       0       0       0       0       0       0       0       0
      Temps:          0       2       0       0       0       0       0       0       0       0       0       0       0       0
      Totals:         0       5       0       0       0       0       0       0       0       0       0       0       0       0
Total ram usage:        5 bytes
 Hardware stack levels used:    1
 Hardware stack levels required when called:    3
 This function calls:
		Nothing
 This function is called by:
		_skipblankLine
		_nextItem
		_str2Byte
		_str2Hxs
		_skip2blank
 This function uses a non-reentrant model


 *************** function _newConvLine *****************
 Defined at:
		line 46 in file "parseline.c"
 Parameters:    Size  Location     Type
  p               1    wreg     PTR unsigned char 
		 -> Buffer(32), 
 Auto vars:     Size  Location     Type
  p               1    3[BANK0 ] PTR unsigned char 
		 -> Buffer(32), 
 Return value:  Size  Location     Type
                  1    wreg      void 
 Registers used:
		wreg, status,2, status,0, pclath, cstack
 Tracked objects:
		On entry : 
		On exit  : 
		Unchanged: 
 Data sizes:     COMMON   BANK0   BANK1   BANK2   BANK3   BANK4   BANK5   BANK6   BANK7   BANK8   BANK9  BANK10  BANK11  BANK12
      Params:         0       0       0       0       0       0       0       0       0       0       0       0       0       0
      Locals:         0       1       0       0       0       0       0       0       0       0       0       0       0       0
      Temps:          0       1       0       0       0       0       0       0       0       0       0       0       0       0
      Totals:         0       2       0       0       0       0       0       0       0       0       0       0       0       0
Total ram usage:        2 bytes
 Hardware stack levels used:    1
 Hardware stack levels required when called:    4
 This function calls:
		_setConvMode
 This function is called by:
		_parseCommand
 This function uses a non-reentrant model


 *************** function _setConvMode *****************
 Defined at:
		line 40 in file "parseline.c"
 Parameters:    Size  Location     Type
  m               1    wreg     unsigned char 
 Auto vars:     Size  Location     Type
  m               1    1[BANK0 ] unsigned char 
 Return value:  Size  Location     Type
                  1    wreg      void 
 Registers used:
		wreg, status,2
 Tracked objects:
		On entry : 
		On exit  : 
		Unchanged: 
 Data sizes:     COMMON   BANK0   BANK1   BANK2   BANK3   BANK4   BANK5   BANK6   BANK7   BANK8   BANK9  BANK10  BANK11  BANK12
      Params:         0       0       0       0       0       0       0       0       0       0       0       0       0       0
      Locals:         0       1       0       0       0       0       0       0       0       0       0       0       0       0
      Temps:          0       1       0       0       0       0       0       0       0       0       0       0       0       0
      Totals:         0       2       0       0       0       0       0       0       0       0       0       0       0       0
Total ram usage:        2 bytes
 Hardware stack levels used:    1
 Hardware stack levels required when called:    3
 This function calls:
		Nothing
 This function is called by:
		_newConvLine
 This function uses a non-reentrant model


 *************** function _cmdCheck *****************
 Defined at:
		line 84 in file "parseline.c"
 Parameters:    Size  Location     Type
  b               1    wreg     PTR unsigned char 
		 -> NULL(0), Buffer(32), 
  c               2    1[BANK0 ] PTR const unsigned char 
		 -> cmdX(2), cmdSet(4), cmdGet(4), cmdEcho(5), 
 Auto vars:     Size  Location     Type
  b               1    5[BANK0 ] PTR unsigned char 
		 -> NULL(0), Buffer(32), 
  n               1    4[BANK0 ] unsigned char 
 Return value:  Size  Location     Type
                  1    wreg      unsigned char 
 Registers used:
		wreg, fsr0l, fsr0h, fsr1l, fsr1h, status,2, status,0, pclath, cstack
 Tracked objects:
		On entry : 
		On exit  : 
		Unchanged: 
 Data sizes:     COMMON   BANK0   BANK1   BANK2   BANK3   BANK4   BANK5   BANK6   BANK7   BANK8   BANK9  BANK10  BANK11  BANK12
      Params:         0       2       0       0       0       0       0       0       0       0       0       0       0       0
      Locals:         0       2       0       0       0       0       0       0       0       0       0       0       0       0
      Temps:          0       1       0       0       0       0       0       0       0       0       0       0       0       0
      Totals:         0       5       0       0       0       0       0       0       0       0       0       0       0       0
Total ram usage:        5 bytes
 Hardware stack levels used:    1
 Hardware stack levels required when called:    4
 This function calls:
		_myUpper
 This function is called by:
		_parseCommand
 This function uses a non-reentrant model


 *************** function _myUpper *****************
 Defined at:
		line 78 in file "parseline.c"
 Parameters:    Size  Location     Type
  c               1    wreg     unsigned char 
 Auto vars:     Size  Location     Type
  c               1    0[BANK0 ] unsigned char 
 Return value:  Size  Location     Type
                  1    wreg      unsigned char 
 Registers used:
		wreg, status,2, status,0
 Tracked objects:
		On entry : 
		On exit  : 
		Unchanged: 
 Data sizes:     COMMON   BANK0   BANK1   BANK2   BANK3   BANK4   BANK5   BANK6   BANK7   BANK8   BANK9  BANK10  BANK11  BANK12
      Params:         0       0       0       0       0       0       0       0       0       0       0       0       0       0
      Locals:         0       1       0       0       0       0       0       0       0       0       0       0       0       0
      Temps:          0       0       0       0       0       0       0       0       0       0       0       0       0       0
      Totals:         0       1       0       0       0       0       0       0       0       0       0       0       0       0
Total ram usage:        1 bytes
 Hardware stack levels used:    1
 Hardware stack levels required when called:    3
 This function calls:
		Nothing
 This function is called by:
		_cmdCheck
 This function uses a non-reentrant model


 *************** function _initI2C *****************
 Defined at:
		line 5 in file "I2CBase.c"
 Parameters:    Size  Location     Type
  flag            1    wreg     unsigned char 
 Auto vars:     Size  Location     Type
  flag            1    1[BANK0 ] unsigned char 
  baud            1    3[BANK0 ] unsigned char 
  stat            1    2[BANK0 ] unsigned char 
 Return value:  Size  Location     Type
                  1    wreg      void 
 Registers used:
		wreg, status,2, status,0
 Tracked objects:
		On entry : 
		On exit  : 
		Unchanged: 
 Data sizes:     COMMON   BANK0   BANK1   BANK2   BANK3   BANK4   BANK5   BANK6   BANK7   BANK8   BANK9  BANK10  BANK11  BANK12
      Params:         0       0       0       0       0       0       0       0       0       0       0       0       0       0
      Locals:         0       3       0       0       0       0       0       0       0       0       0       0       0       0
      Temps:          0       1       0       0       0       0       0       0       0       0       0       0       0       0
      Totals:         0       4       0       0       0       0       0       0       0       0       0       0       0       0
Total ram usage:        4 bytes
 Hardware stack levels used:    1
 Hardware stack levels required when called:    3
 This function calls:
		Nothing
 This function is called by:
		_main
 This function uses a non-reentrant model


 *************** function _copyBuffer *****************
 Defined at:
		line 194 in file "SerialBase.c"
 Parameters:    Size  Location     Type
		None
 Auto vars:     Size  Location     Type
  q               1    2[BANK0 ] PTR unsigned char 
		 -> Buffer(32), 
  p               1    1[BANK0 ] PTR unsigned char 
		 -> RcvBuf(32), 
 Return value:  Size  Location     Type
                  1    wreg      void 
 Registers used:
		wreg, fsr1l, fsr1h, status,2, status,0
 Tracked objects:
		On entry : 
		On exit  : 
		Unchanged: 
 Data sizes:     COMMON   BANK0   BANK1   BANK2   BANK3   BANK4   BANK5   BANK6   BANK7   BANK8   BANK9  BANK10  BANK11  BANK12
      Params:         0       0       0       0       0       0       0       0       0       0       0       0       0       0
      Locals:         0       2       0       0       0       0       0       0       0       0       0       0       0       0
      Temps:          0       1       0       0       0       0       0       0       0       0       0       0       0       0
      Totals:         0       3       0       0       0       0       0       0       0       0       0       0       0       0
Total ram usage:        3 bytes
 Hardware stack levels used:    1
 Hardware stack levels required when called:    3
 This function calls:
		Nothing
 This function is called by:
		_main
 This function uses a non-reentrant model


 *************** function _isr *****************
 Defined at:
		line 83 in file "SerialBase.c"
 Parameters:    Size  Location     Type
		None
 Auto vars:     Size  Location     Type
  data            1    5[COMMON] unsigned char 
 Return value:  Size  Location     Type
                  1    wreg      void 
 Registers used:
		wreg, fsr1l, fsr1h, status,2, status,0, pclath, cstack
 Tracked objects:
		On entry : 
		On exit  : 
		Unchanged: 
 Data sizes:     COMMON   BANK0   BANK1   BANK2   BANK3   BANK4   BANK5   BANK6   BANK7   BANK8   BANK9  BANK10  BANK11  BANK12
      Params:         0       0       0       0       0       0       0       0       0       0       0       0       0       0
      Locals:         1       0       0       0       0       0       0       0       0       0       0       0       0       0
      Temps:          1       0       0       0       0       0       0       0       0       0       0       0       0       0
      Totals:         2       0       0       0       0       0       0       0       0       0       0       0       0       0
Total ram usage:        2 bytes
 Hardware stack levels used:    1
 Hardware stack levels required when called:    2
 This function calls:
		i1_Send
 This function is called by:
		Interrupt level 1
 This function uses a non-reentrant model


 *************** function i1_Send *****************
 Defined at:
		line 232 in file "SerialBase.c"
 Parameters:    Size  Location     Type
  txchar          1    wreg     unsigned char 
 Auto vars:     Size  Location     Type
  txchar          1    3[COMMON] unsigned char 
 Return value:  Size  Location     Type
                  1    wreg      void 
 Registers used:
		wreg, fsr1l, fsr1h, status,2, status,0, pclath, cstack
 Tracked objects:
		On entry : 
		On exit  : 
		Unchanged: 
 Data sizes:     COMMON   BANK0   BANK1   BANK2   BANK3   BANK4   BANK5   BANK6   BANK7   BANK8   BANK9  BANK10  BANK11  BANK12
      Params:         0       0       0       0       0       0       0       0       0       0       0       0       0       0
      Locals:         1       0       0       0       0       0       0       0       0       0       0       0       0       0
      Temps:          1       0       0       0       0       0       0       0       0       0       0       0       0       0
      Totals:         2       0       0       0       0       0       0       0       0       0       0       0       0       0
Total ram usage:        2 bytes
 Hardware stack levels used:    1
 Hardware stack levels required when called:    1
 This function calls:
		i1_QueIn
		i1_QueOut
 This function is called by:
		_isr
 This function uses a non-reentrant model


 *************** function i1_QueOut *****************
 Defined at:
		line 225 in file "SerialBase.c"
 Parameters:    Size  Location     Type
		None
 Auto vars:     Size  Location     Type
  QueOut          1    1[COMMON] unsigned char 
 Return value:  Size  Location     Type
                  1    wreg      unsigned char 
 Registers used:
		wreg, fsr1l, fsr1h, status,2, status,0
 Tracked objects:
		On entry : 
		On exit  : 
		Unchanged: 
 Data sizes:     COMMON   BANK0   BANK1   BANK2   BANK3   BANK4   BANK5   BANK6   BANK7   BANK8   BANK9  BANK10  BANK11  BANK12
      Params:         0       0       0       0       0       0       0       0       0       0       0       0       0       0
      Locals:         1       0       0       0       0       0       0       0       0       0       0       0       0       0
      Temps:          1       0       0       0       0       0       0       0       0       0       0       0       0       0
      Totals:         2       0       0       0       0       0       0       0       0       0       0       0       0       0
Total ram usage:        2 bytes
 Hardware stack levels used:    1
 This function calls:
		Nothing
 This function is called by:
		i1_Send
 This function uses a non-reentrant model


 *************** function i1_QueIn *****************
 Defined at:
		line 217 in file "SerialBase.c"
 Parameters:    Size  Location     Type
  c               1    wreg     unsigned char 
 Auto vars:     Size  Location     Type
  c               1    1[COMMON] unsigned char 
 Return value:  Size  Location     Type
                  1    wreg      unsigned char 
 Registers used:
		wreg, fsr1l, fsr1h, status,2, status,0
 Tracked objects:
		On entry : 
		On exit  : 
		Unchanged: 
 Data sizes:     COMMON   BANK0   BANK1   BANK2   BANK3   BANK4   BANK5   BANK6   BANK7   BANK8   BANK9  BANK10  BANK11  BANK12
      Params:         0       0       0       0       0       0       0       0       0       0       0       0       0       0
      Locals:         1       0       0       0       0       0       0       0       0       0       0       0       0       0
      Temps:          1       0       0       0       0       0       0       0       0       0       0       0       0       0
      Totals:         2       0       0       0       0       0       0       0       0       0       0       0       0       0
Total ram usage:        2 bytes
 Hardware stack levels used:    1
 This function calls:
		Nothing
 This function is called by:
		i1_Send
 This function uses a non-reentrant model



MODULE INFORMATION

Module		Function		Class		Link	Load	Size
SerialBase.c
		_SendStr       		CODE           	0F1A	0000	39
		_trySend       		CODE           	0DA4	0000	17
		_SendHex       		CODE           	0785	0000	58
		_copyConstStr  		CODE           	0ED4	0000	36
		_sndStr        		CODE           	0F40	0000	43
		_main          		CODE           	0439	0000	152
		_Send          		CODE           	067D	0000	71
		_copyBuffer    		CODE           	0F6A	0000	46
		_isr           		CODE           	0004	0000	109
		_QueOut        		CODE           	0E0A	0000	25
		_QueIn         		CODE           	0EF7	0000	36

SerialBase.c estimated size: 632

I2CBase.c
		_readI2C       		CODE           	0634	0000	74
		_waitIdleI2C   		CODE           	0DC7	0000	23
		_sendI2C       		CODE           	07BE	0000	57
		_sendI2Cbyte   		CODE           	0F97	0000	53
		_initI2C       		CODE           	0E54	0000	31

I2CBase.c estimated size: 238

C:\Program Files (x86)\Microchip\xc8\v2.10\pic\sources\c99\common\isspace.c
		_isspace       		CODE           	0EB2	0000	35

C:\Program Files (x86)\Microchip\xc8\v2.10\pic\sources\c99\common\isspace.c estimated size: 35

C:\Program Files (x86)\Microchip\xc8\v2.10\pic\sources\c99\common\Umul8.c
		___bmul        		CODE           	0DDD	0000	23

C:\Program Files (x86)\Microchip\xc8\v2.10\pic\sources\c99\common\Umul8.c estimated size: 23

parseline.c
		_stobyte       		CODE           	0180	0000	191
		_cmdCheck      		CODE           	05EA	0000	75
		_endofLine     		CODE           	0E72	0000	31
		_prefEcho      		CODE           	039E	0000	156
		_setConvMode   		CODE           	07F6	0000	10
		_newConvLine   		CODE           	0D8E	0000	12
		_nextItem      		CODE           	055E	0000	141
		_myUpper       		CODE           	0DB4	0000	20
		_prefGet       		CODE           	023E	0000	179
		_skipblankLine 		CODE           	0FCB	0000	54
		_prefSet       		CODE           	00AC	0000	213
		_printInvArgErr		CODE           	0745	0000	65
		_prefX         		CODE           	02F0	0000	175
		_parseCommand  		CODE           	04D0	0000	143

parseline.c estimated size: 1465

shared
		_msghi         		STRCODE        	1025	0000	7
		_cmdGet        		STRCODE        	1034	0000	5
		_base64chars   		STRCODE        	0000	0000	0
		_errMess       		STRCODE        	1013	0000	19
		_cmdSet        		STRCODE        	1030	0000	5
		i1_Send        		CODE           	0704	0000	66
		i1_QueOut      		CODE           	0DF3	0000	24
		_cmdX          		STRCODE        	1038	0000	3
		i1_QueIn       		CODE           	0E90	0000	35
		__initialization		CODE           	0072	0000	55
		_ivaMess       		STRCODE        	1000	0000	20
		_cmdEcho       		STRCODE        	102B	0000	6

shared estimated size: 245

C:\Program Files (x86)\Microchip\xc8\v2.10\pic\sources\c99\common\isdigit.c
		_isdigit       		CODE           	0E22	0000	26

C:\Program Files (x86)\Microchip\xc8\v2.10\pic\sources\c99\common\isdigit.c estimated size: 26

C:\Program Files (x86)\Microchip\xc8\v2.10\pic\sources\c99\common\isupper.c
		_isupper       		CODE           	0E3B	0000	26

C:\Program Files (x86)\Microchip\xc8\v2.10\pic\sources\c99\common\isupper.c estimated size: 26

